******************  Problem Size:  2147483648   **********************
